<!doctype html>
<html lang="en">
    <head>
        <meta charset="utf-8">
        <title>test</title>
        <meta name="description" content="">
        <base href="/" />
    </head>
    <body>
        noparent
    </body>
</html>
