<!DOCTYPE html>
<html lang="en">
<head>
<link rel="stylesheet" href="http://blah.css?0.0.0-alpha.0">

<meta charset="utf-8">
<title>Home</title>
<meta name="description" content="">
<base href="/" />
<meta name="viewport" content="width=device-width, initial-scale=1.0">
<link href="feed.xml" rel="alternate" type="application/rss+xml">


<!--[if lt IE 9]><script src="/assets/js/head_after_stylesheets.js?0.0.0-alpha.0"></script><![endif]-->

<!--[if lt IE 9]><script src="/assets/js/default-with-explicit-cond.js?0.0.0-alpha.0"></script><![endif]-->
</head>
<body>
<!--[if IE]><script src="/assets/js/default-with-bool-cond.js?0.0.0-alpha.0"></script><![endif]-->

<header>
  <h1>testname</h1>
</header>

<h2>Posts</h2>
<ul class="posts">

</ul>

<script src="http://jquery.js?0.0.0-alpha.0"></script>
<script src="/assets/js/default-with-multiple-sources.js?0.0.0-alpha.0"></script>

</body>
</html>
