<?xml version="1.0" encoding="UTF-8"?>
<rss version="2.0" xmlns:atom="http://www.w3.org/2005/Atom">
    <channel>
        <title>testname</title>
        <description>test description</description>
        <link>http://te.st/</link>
        <generator>happyplan x.y.z</generator>
        <lastBuildDate>Mon, 21 October 2013 12:34:56 +0200</lastBuildDate>

    </channel>
</rss>
