<?xml version="1.0" encoding="UTF-8"?>
<rss version="2.0" xmlns:atom="http://www.w3.org/2005/Atom">
    <channel>
        <title>testname</title>
        <description>test description</description>
        <link>http://te.st/</link>
        <generator>happyplan x.y.z</generator>
        <lastBuildDate>Mon, 21 Oct 2013 12:34:56 +0200</lastBuildDate>
        <atom:link href="http://te.st/feed.xml" rel="self" type="application/rss+xml" />

          <item>
              <title>Test</title>
              <description><![CDATA[
This is a test
]]></description>
              <pubDate>Wed, 10 Jul 2013 02:00:00 +0200</pubDate>
              <link>http://te.st/posts/test.html</link>
              <guid isPermaLink="true">http://te.st/dist/posts/test.html</guid>
          </item>

    </channel>
</rss>
