

<pre><code class="language-html"><span class="cm-meta">&lt;!doctype&gt;</span>
<span class="cm-tag">&lt;html</span><span class="cm-tag">&gt;</span>
<span class="cm-tag">&lt;head</span><span class="cm-tag">&gt;</span>
<span class="cm-tag">&lt;title</span><span class="cm-tag">&gt;</span><span class="cm-tag">&lt;/title</span><span class="cm-tag">&gt;</span>
<span class="cm-tag">&lt;/head</span><span class="cm-tag">&gt;</span>
<span class="cm-tag">&lt;/html</span></code></pre>
<pre><code class="language-js"><span class="cm-variable">assert</span>(<span class="cm-keyword">typeof</span> <span class="cm-string">&quot;foo&quot;</span> === <span class="cm-string">&quot;string&quot;</span>)</code></pre>
<pre><code class="language-bash"><span class="cm-def">$ npm</span> i stuff <span class="cm-attribute">--force</span></code></pre>
<pre><code>pseudo code {
  blah stuff();
}</code></pre>

