<!DOCTYPE html>
<html lang="en">
<head>

<meta charset="utf-8">
<title>Home</title>
<meta name="description" content="">
<base href="/" />
<meta name="viewport" content="width=device-width, initial-scale=1.0">
<link href="feed.xml" rel="alternate" type="application/rss+xml">

<link rel="stylesheet" href="/assets/css/happyplan.css?0.0.0-alpha.0">


</head>
<body>

<header>
  <h1>testname</h1>
</header>

<h2>Posts</h2>
<ul class="posts">

  <li>
    <time datetime="Sun, 22 Dec 2013 00:00:00 +0100" class="time">Sun, 22 Dec 2013</time>
    <a href="posts/c.html" class="title"></a>
  </li>

  <li>
    <time datetime="Sat, 21 Dec 2013 00:00:00 +0100" class="time">Sat, 21 Dec 2013</time>
    <a href="posts/b.html" class="title"></a>
  </li>

  <li>
    <time datetime="Fri, 20 Dec 2013 00:00:00 +0100" class="time">Fri, 20 Dec 2013</time>
    <a href="posts/a.html" class="title"></a>
  </li>

</ul>


</body>
</html>
